seed 1 N=20000 done in 841 ms (1319 coast cells)
seed 1 N=50000 done in 1319 ms (2691 coast cells)
seed 1 N=200000 done in 5590 ms (8181 coast cells)
seed 1 N=1000000 done in 22976 ms (27562 coast cells)
seed 1 N=2560000 done in 74085 ms (59402 coast cells)
{
 "runs": [
  {
   "N": 20000,
   "numRegions": 20001,
   "ms": 841,
   "cellKm": 159.7,
   "landFrac": 0.2843,
   "coastCells": 1319
  },
  {
   "N": 50000,
   "numRegions": 50001,
   "ms": 1319,
   "cellKm": 101,
   "landFrac": 0.2872,
   "coastCells": 2691
  },
  {
   "N": 200000,
   "numRegions": 200001,
   "ms": 5590,
   "cellKm": 50.5,
   "landFrac": 0.2878,
   "coastCells": 8181
  },
  {
   "N": 1000000,
   "numRegions": 1000001,
   "ms": 22976,
   "cellKm": 22.6,
   "landFrac": 0.2919,
   "coastCells": 27562
  },
  {
   "N": 2560000,
   "numRegions": 2560001,
   "ms": 74085,
   "cellKm": 14.1,
   "landFrac": 0.2937,
   "coastCells": 59402
  }
 ],
 "vsFinal": [
  {
   "preview": 20000,
   "final": 2560000,
   "landIoU": {
    "grid1deg": 0.8199916013907186,
    "ref20k": 0.8448023434643076
   },
   "coastline": {
    "hausdorffKm": 3818.4461184647703,
    "p95Km": 959.502613232242,
    "p50Km": 134.4389658513254,
    "hausdorffPreviewCells": 23.91112360860705,
    "p95PreviewCells": 6.008408885707128
   },
   "hypsometryKS": {
    "all": 0.10793352803762579,
    "land": 0.21687590500720044
   },
   "elevRmseLowpass20k": {
    "allM": 1130.084344362444,
    "landM": 1145.5075468392408
   },
   "mountains": {
    "iou": 0.05844707663193351,
    "finalMajorBelts": 1,
    "missingInPreview": 1,
    "previewMajorBelts": 14,
    "newInPreview": 14
   },
   "koppenAgreement": {
    "ref20k": 0.47747240988138767,
    "grid1deg": 0.467910312900965
   },
   "precipCorrelation": {
    "all": 0.900074620565759,
    "land": 0.8014924308057121
   },
   "majorBasins": {
    "perBasinBestIoU": [
     0.218,
     0.399,
     0.49,
     0.284,
     0.501,
     0.266,
     0.174,
     0.078,
     0.331,
     0.253
    ],
    "meanIoU": 0.2994,
    "matchedAt50": 1
   }
  },
  {
   "preview": 50000,
   "final": 2560000,
   "landIoU": {
    "grid1deg": 0.8492883572742742,
    "ref20k": 0.8521457345756668
   },
   "coastline": {
    "hausdorffKm": 3456.4779761347127,
    "p95Km": 472.4005174865782,
    "p50Km": 79.79625246193889,
    "hausdorffPreviewCells": 34.22241094143696,
    "p95PreviewCells": 4.677213264483731
   },
   "hypsometryKS": {
    "all": 0.087129823847411,
    "land": 0.240102979682278
   },
   "elevRmseLowpass20k": {
    "allM": 895.9125255212087,
    "landM": 779.2206513069759
   },
   "mountains": {
    "iou": 0.1606881268438294,
    "finalMajorBelts": 1,
    "missingInPreview": 0,
    "previewMajorBelts": 9,
    "newInPreview": 4
   },
   "koppenAgreement": {
    "ref20k": 0.5588886640489705,
    "grid1deg": 0.5355151945941796
   },
   "precipCorrelation": {
    "all": 0.8782701844170298,
    "land": 0.8605291358042836
   },
   "majorBasins": {
    "perBasinBestIoU": [
     0.64,
     0.295,
     0.366,
     0.1,
     0.51,
     0.11,
     0.004,
     0.447,
     0.003,
     0.453
    ],
    "meanIoU": 0.29280000000000006,
    "matchedAt50": 2
   }
  },
  {
   "preview": 200000,
   "final": 2560000,
   "landIoU": {
    "grid1deg": 0.8865651265583369,
    "ref20k": 0.9243236380993275
   },
   "coastline": {
    "hausdorffKm": 2282.8448943663393,
    "p95Km": 237.14638248887624,
    "p50Km": 36.86256461107617,
    "hausdorffPreviewCells": 45.20432110725064,
    "p95PreviewCells": 4.695913090681379
   },
   "hypsometryKS": {
    "all": 0.04690854367266861,
    "land": 0.1744518206793395
   },
   "elevRmseLowpass20k": {
    "allM": 559.1164709451235,
    "landM": 530.0157677512099
   },
   "mountains": {
    "iou": 0.2351925808832944,
    "finalMajorBelts": 1,
    "missingInPreview": 0,
    "previewMajorBelts": 16,
    "newInPreview": 7
   },
   "koppenAgreement": {
    "ref20k": 0.6097179665400398,
    "grid1deg": 0.5907086259530697
   },
   "precipCorrelation": {
    "all": 0.9442209861671823,
    "land": 0.8850846503830712
   },
   "majorBasins": {
    "perBasinBestIoU": [
     0.69,
     0.344,
     0.612,
     0,
     0.794,
     0.424,
     0.513,
     0,
     0.273,
     0
    ],
    "meanIoU": 0.365,
    "matchedAt50": 4
   }
  },
  {
   "preview": 1000000,
   "final": 2560000,
   "landIoU": {
    "grid1deg": 0.9023555840147348,
    "ref20k": 0.9358879172917375
   },
   "coastline": {
    "hausdorffKm": 3642.0341940341723,
    "p95Km": 274.38009084044245,
    "p50Km": 16.34669982803939,
    "hausdorffPreviewCells": 161.26187275133015,
    "p95PreviewCells": 12.14899282579187
   },
   "hypsometryKS": {
    "all": 0.028826908370172877,
    "land": 0.10196447487034066
   },
   "elevRmseLowpass20k": {
    "allM": 516.5973578166693,
    "landM": 469.79988495016664
   },
   "mountains": {
    "iou": 0.23760203858166887,
    "finalMajorBelts": 1,
    "missingInPreview": 0,
    "previewMajorBelts": 13,
    "newInPreview": 6
   },
   "koppenAgreement": {
    "ref20k": 0.7146486638321727,
    "grid1deg": 0.6711944961579721
   },
   "precipCorrelation": {
    "all": 0.963061369294451,
    "land": 0.9282911536906263
   },
   "majorBasins": {
    "perBasinBestIoU": [
     0.554,
     0.561,
     0.607,
     0,
     0.722,
     0.281,
     0.405,
     0.047,
     0.103,
     0.029
    ],
    "meanIoU": 0.3309,
    "matchedAt50": 4
   }
  }
 ]
}
