seed 12345 N=20000 done in 585 ms (1216 coast cells)
seed 12345 N=50000 done in 1099 ms (2387 coast cells)
seed 12345 N=200000 done in 4001 ms (7231 coast cells)
seed 12345 N=1000000 done in 22046 ms (25433 coast cells)
seed 12345 N=2560000 done in 76900 ms (54882 coast cells)
{
 "runs": [
  {
   "N": 20000,
   "numRegions": 20001,
   "ms": 585,
   "cellKm": 159.7,
   "landFrac": 0.2722,
   "coastCells": 1216
  },
  {
   "N": 50000,
   "numRegions": 50001,
   "ms": 1099,
   "cellKm": 101,
   "landFrac": 0.276,
   "coastCells": 2387
  },
  {
   "N": 200000,
   "numRegions": 200001,
   "ms": 4001,
   "cellKm": 50.5,
   "landFrac": 0.275,
   "coastCells": 7231
  },
  {
   "N": 1000000,
   "numRegions": 1000001,
   "ms": 22046,
   "cellKm": 22.6,
   "landFrac": 0.2791,
   "coastCells": 25433
  },
  {
   "N": 2560000,
   "numRegions": 2560001,
   "ms": 76900,
   "cellKm": 14.1,
   "landFrac": 0.2804,
   "coastCells": 54882
  }
 ],
 "vsFinal": [
  {
   "preview": 20000,
   "final": 2560000,
   "landIoU": {
    "grid1deg": 0.8290317814289898,
    "ref20k": 0.8555318999612556
   },
   "coastline": {
    "hausdorffKm": 3890.6396841842175,
    "p95Km": 532.7408660860826,
    "p50Km": 128.8090267190168,
    "hausdorffPreviewCells": 24.363199982113095,
    "p95PreviewCells": 3.3360252587411816
   },
   "hypsometryKS": {
    "all": 0.1490702837801408,
    "land": 0.23771032337460124
   },
   "elevRmseLowpass20k": {
    "allM": 1189.498634342374,
    "landM": 1089.3184434185864
   },
   "mountains": {
    "iou": 0.12954009164902486,
    "finalMajorBelts": 5,
    "missingInPreview": 2,
    "previewMajorBelts": 12,
    "newInPreview": 9
   },
   "koppenAgreement": {
    "ref20k": 0.4118712199754473,
    "grid1deg": 0.39780522106508215
   },
   "precipCorrelation": {
    "all": 0.8646070283669723,
    "land": 0.6985791272091673
   },
   "majorBasins": {
    "perBasinBestIoU": [
     0.473,
     0.303,
     0.39,
     0.36,
     0.412,
     0.561,
     0.557,
     0,
     0,
     0.158
    ],
    "meanIoU": 0.32139999999999996,
    "matchedAt50": 2
   }
  },
  {
   "preview": 50000,
   "final": 2560000,
   "landIoU": {
    "grid1deg": 0.8626901345175089,
    "ref20k": 0.8728781357943426
   },
   "coastline": {
    "hausdorffKm": 2928.083436467068,
    "p95Km": 466.24340319440034,
    "p50Km": 79.52180480593279,
    "hausdorffPreviewCells": 28.990803738795616,
    "p95PreviewCells": 4.616251992062739
   },
   "hypsometryKS": {
    "all": 0.11839660770279598,
    "land": 0.21008069578993127
   },
   "elevRmseLowpass20k": {
    "allM": 913.9845273113027,
    "landM": 749.3306704754924
   },
   "mountains": {
    "iou": 0.2471708870505265,
    "finalMajorBelts": 5,
    "missingInPreview": 0,
    "previewMajorBelts": 10,
    "newInPreview": 7
   },
   "koppenAgreement": {
    "ref20k": 0.47371820589569047,
    "grid1deg": 0.4660283437787842
   },
   "precipCorrelation": {
    "all": 0.8403134671329219,
    "land": 0.7742547281258706
   },
   "majorBasins": {
    "perBasinBestIoU": [
     0.672,
     0.427,
     0.328,
     0.291,
     0.459,
     0.57,
     0.829,
     0.27,
     0.138,
     0.003
    ],
    "meanIoU": 0.39869999999999994,
    "matchedAt50": 3
   }
  },
  {
   "preview": 200000,
   "final": 2560000,
   "landIoU": {
    "grid1deg": 0.8819615447678443,
    "ref20k": 0.915800391655161
   },
   "coastline": {
    "hausdorffKm": 2568.73094807097,
    "p95Km": 271.0810762475286,
    "p50Km": 38.819554872118914,
    "hausdorffPreviewCells": 50.86536492307941,
    "p95PreviewCells": 5.367879371495273
   },
   "hypsometryKS": {
    "all": 0.06924318031531085,
    "land": 0.18968743420848866
   },
   "elevRmseLowpass20k": {
    "allM": 654.2920638170381,
    "landM": 639.9605279090406
   },
   "mountains": {
    "iou": 0.26887951053535836,
    "finalMajorBelts": 5,
    "missingInPreview": 0,
    "previewMajorBelts": 12,
    "newInPreview": 7
   },
   "koppenAgreement": {
    "ref20k": 0.6048475288911611,
    "grid1deg": 0.5743893307913782
   },
   "precipCorrelation": {
    "all": 0.925040478724656,
    "land": 0.8179803708511688
   },
   "majorBasins": {
    "perBasinBestIoU": [
     0.689,
     0.559,
     0.519,
     0.395,
     0.294,
     0.543,
     0.029,
     0.254,
     0.291,
     0.383
    ],
    "meanIoU": 0.3956,
    "matchedAt50": 4
   }
  },
  {
   "preview": 1000000,
   "final": 2560000,
   "landIoU": {
    "grid1deg": 0.9078118120629709,
    "ref20k": 0.944216418072707
   },
   "coastline": {
    "hausdorffKm": 1838.3803852653652,
    "p95Km": 176.14672824248714,
    "p50Km": 16.063918316016586,
    "hausdorffPreviewCells": 81.39974749353574,
    "p95PreviewCells": 7.799419160295937
   },
   "hypsometryKS": {
    "all": 0.03053506273132839,
    "land": 0.08076011726502114
   },
   "elevRmseLowpass20k": {
    "allM": 480.05088147790434,
    "landM": 435.6183179238901
   },
   "mountains": {
    "iou": 0.3973794430856349,
    "finalMajorBelts": 5,
    "missingInPreview": 0,
    "previewMajorBelts": 8,
    "newInPreview": 2
   },
   "koppenAgreement": {
    "ref20k": 0.7346784445375912,
    "grid1deg": 0.6938202520807686
   },
   "precipCorrelation": {
    "all": 0.9548208723124937,
    "land": 0.8878440488691944
   },
   "majorBasins": {
    "perBasinBestIoU": [
     0.508,
     0.482,
     0.473,
     0.415,
     0.355,
     0.591,
     0.472,
     0.123,
     0.111,
     0.385
    ],
    "meanIoU": 0.3915,
    "matchedAt50": 2
   }
  }
 ]
}
